// Jest Snapshot v1, https://goo.gl/fbAQLP

exports[`matches snapshot 1`] = `
<View
  style={
    Object {
      "flex": 1,
      "margin": 10,
    }
  }
>
  <View>
    <Image
      defaultSource={
        Object {
          "testUri": "../../../assets/avatar.png",
        }
      }
      resizeMode="cover"
      source={
        Object {
          "uri": "https://ak-static.cms.nba.com/wp-content/uploads/headshots/nba/latest/260x190/undefined.png",
        }
      }
      style={
        Object {
          "height": 100,
          "marginLeft": 5,
          "width": 100,
        }
      }
    />
    <View
      style={
        Object {
          "borderBottomWidth": 1,
          "flexDirection": "row",
          "justifyContent": "space-evenly",
          "marginBottom": 5,
        }
      }
    >
      <Text
        style={
          Object {
            "fontSize": 20,
          }
        }
      />
      <Text
        style={
          Object {
            "fontSize": 20,
          }
        }
      />
    </View>
    <Text
      style={
        Object {
          "marginLeft": 10,
        }
      }
    >
      Position: 
    </Text>
    <Text
      style={
        Object {
          "marginLeft": 10,
        }
      }
    >
      Date of Birth: 
    </Text>
    <Text
      style={
        Object {
          "marginLeft": 10,
        }
      }
    >
      Height: 
       Feet 
       Inches
    </Text>
    <Text
      style={
        Object {
          "marginLeft": 10,
        }
      }
    >
      Weight: 
       lb
    </Text>
    <Text
      style={
        Object {
          "marginLeft": 10,
        }
      }
    >
      College: 
    </Text>
    <Text
      style={
        Object {
          "marginLeft": 10,
        }
      }
    >
      NBA Debut Year: 
    </Text>
    <Text
      style={
        Object {
          "marginLeft": 10,
        }
      }
    >
      Draft Pick Number: 
    </Text>
    <Text
      style={
        Object {
          "marginLeft": 10,
        }
      }
    >
      Draft Round Number: 
    </Text>
    <Text
      style={
        Object {
          "marginLeft": 10,
        }
      }
    >
      Draft Season Year: 
    </Text>
    <View
      style={
        Object {
          "backgroundColor": "gainsboro",
          "borderRadius": 15,
          "margin": 10,
        }
      }
    >
      <View
        accessibilityRole="button"
        accessible={true}
        collapsable={false}
        focusable={true}
        nativeID="animatedComponent"
        onClick={[Function]}
        onResponderGrant={[Function]}
        onResponderMove={[Function]}
        onResponderRelease={[Function]}
        onResponderTerminate={[Function]}
        onResponderTerminationRequest={[Function]}
        onStartShouldSetResponder={[Function]}
        style={
          Object {
            "opacity": 1,
          }
        }
      >
        <View
          style={
            Array [
              Object {},
            ]
          }
        >
          <Text
            style={
              Array [
                Object {
                  "color": "#007AFF",
                  "fontSize": 18,
                  "margin": 8,
                  "textAlign": "center",
                },
                Object {
                  "color": "black",
                },
              ]
            }
          >
            Add Player
          </Text>
        </View>
      </View>
    </View>
  </View>
</View>
`;
