// Jest Snapshot v1, https://goo.gl/fbAQLP

exports[`matches snapshot 1`] = `
<View
  style={
    Object {
      "flex": 1,
      "margin": 10,
    }
  }
>
  <View>
    <View
      style={
        Object {
          "flexDirection": "row",
        }
      }
    >
      <Text
        style={
          Object {
            "fontSize": 25,
            "marginLeft": 5,
            "marginRight": 5,
            "marginTop": 10,
          }
        }
      />
      <Text
        style={
          Object {
            "fontSize": 25,
            "marginLeft": 5,
            "marginRight": 5,
            "marginTop": 10,
          }
        }
      />
    </View>
    <Text
      style={
        Object {
          "fontSize": 25,
          "marginLeft": 5,
          "marginRight": 5,
          "marginTop": 10,
        }
      }
    >
      Position: 
    </Text>
    <View
      style={
        Object {
          "borderBottomWidth": 1,
          "flexDirection": "row",
          "justifyContent": "space-evenly",
          "marginBottom": 5,
        }
      }
    >
      <Image
        defaultSource={
          Object {
            "testUri": "../../../assets/avatar.png",
          }
        }
        resizeMode="cover"
        source={
          Object {
            "uri": undefined,
          }
        }
        style={
          Object {
            "height": 100,
            "marginLeft": 5,
            "width": 100,
          }
        }
      />
      <Text
        style={
          Object {
            "fontSize": 25,
            "marginLeft": 5,
            "marginRight": 5,
            "marginTop": 10,
          }
        }
      />
      <Text
        style={
          Object {
            "fontSize": 25,
            "marginLeft": 5,
            "marginRight": 5,
            "marginTop": 10,
          }
        }
      />
    </View>
    <View
      style={
        Object {
          "backgroundColor": "gainsboro",
          "borderRadius": 15,
          "margin": 10,
        }
      }
    >
      <View
        accessibilityRole="button"
        accessible={true}
        collapsable={false}
        focusable={true}
        nativeID="animatedComponent"
        onClick={[Function]}
        onResponderGrant={[Function]}
        onResponderMove={[Function]}
        onResponderRelease={[Function]}
        onResponderTerminate={[Function]}
        onResponderTerminationRequest={[Function]}
        onStartShouldSetResponder={[Function]}
        style={
          Object {
            "opacity": 1,
          }
        }
      >
        <View
          style={
            Array [
              Object {},
            ]
          }
        >
          <Text
            style={
              Array [
                Object {
                  "color": "#007AFF",
                  "fontSize": 18,
                  "margin": 8,
                  "textAlign": "center",
                },
                Object {
                  "color": "black",
                },
              ]
            }
          >
            Remove Player
          </Text>
        </View>
      </View>
    </View>
  </View>
</View>
`;
